MPLINK 5.09, LINKER
Linker Map File - Created Sun Oct 13 23:30:39 2019

                                 Section Info
                  Section       Type    Address   Location Size(Bytes)
                ---------  ---------  ---------  ---------  ---------
                   .org_0       code   0x000000    program   0x000022
                   .cinit    romdata   0x000011    program   0x000004
.config_2007_BUILD/DEFAULT/PRODUCTION/ISSA LO       code   0x002007    program   0x000002



                              Program Memory Usage 
                               Start         End      
                           ---------   ---------      
                            0x000000    0x000012      
                            0x002007    0x002007      
            20 out of 8454 program addresses used, program memory utilization is 0%



                              Symbols - Sorted by Name
                     Name    Address   Location    Storage File                     
                ---------  ---------  ---------  --------- ---------                
                    delay   0x000008    program     static C:\Users\Onayo Moro\Documents\PIC assembly\LAB1 LOOPS.X\ISSA LOOP.asm
               inner_loop   0x00000c    program     static C:\Users\Onayo Moro\Documents\PIC assembly\LAB1 LOOPS.X\ISSA LOOP.asm
                     loop   0x000005    program     static C:\Users\Onayo Moro\Documents\PIC assembly\LAB1 LOOPS.X\ISSA LOOP.asm
                     main   0x000000    program     static C:\Users\Onayo Moro\Documents\PIC assembly\LAB1 LOOPS.X\ISSA LOOP.asm
               outer_loop   0x00000a    program     static C:\Users\Onayo Moro\Documents\PIC assembly\LAB1 LOOPS.X\ISSA LOOP.asm



                              Symbols - Sorted by Address
                     Name    Address   Location    Storage File                     
                ---------  ---------  ---------  --------- ---------                
                     main   0x000000    program     static C:\Users\Onayo Moro\Documents\PIC assembly\LAB1 LOOPS.X\ISSA LOOP.asm
                     loop   0x000005    program     static C:\Users\Onayo Moro\Documents\PIC assembly\LAB1 LOOPS.X\ISSA LOOP.asm
                    delay   0x000008    program     static C:\Users\Onayo Moro\Documents\PIC assembly\LAB1 LOOPS.X\ISSA LOOP.asm
               outer_loop   0x00000a    program     static C:\Users\Onayo Moro\Documents\PIC assembly\LAB1 LOOPS.X\ISSA LOOP.asm
               inner_loop   0x00000c    program     static C:\Users\Onayo Moro\Documents\PIC assembly\LAB1 LOOPS.X\ISSA LOOP.asm


