MPLINK 5.09, LINKER
Linker Map File - Created Tue Oct 15 22:11:49 2019

                                 Section Info
                  Section       Type    Address   Location Size(Bytes)
                ---------  ---------  ---------  ---------  ---------
                   .org_0       code   0x000000    program   0x00003e
                   .cinit    romdata   0x00001f    program   0x000004
.config_2007_BUILD/DEFAULT/PRODUCTION/ERWIN.O       code   0x002007    program   0x000002



                              Program Memory Usage 
                               Start         End      
                           ---------   ---------      
                            0x000000    0x000020      
                            0x002007    0x002007      
            34 out of 8454 program addresses used, program memory utilization is 0%



                              Symbols - Sorted by Name
                     Name    Address   Location    Storage File                     
                ---------  ---------  ---------  --------- ---------                
                    delay   0x000016    program     static C:\Users\Onayo Moro\Documents\PIC assembly\Steve.X\Erwin.asm
               inner_loop   0x00001a    program     static C:\Users\Onayo Moro\Documents\PIC assembly\Steve.X\Erwin.asm
                     loop   0x00000f    program     static C:\Users\Onayo Moro\Documents\PIC assembly\Steve.X\Erwin.asm
                     main   0x000000    program     static C:\Users\Onayo Moro\Documents\PIC assembly\Steve.X\Erwin.asm
               outer_loop   0x000018    program     static C:\Users\Onayo Moro\Documents\PIC assembly\Steve.X\Erwin.asm
                       pb   0x000012    program     static C:\Users\Onayo Moro\Documents\PIC assembly\Steve.X\Erwin.asm



                              Symbols - Sorted by Address
                     Name    Address   Location    Storage File                     
                ---------  ---------  ---------  --------- ---------                
                     main   0x000000    program     static C:\Users\Onayo Moro\Documents\PIC assembly\Steve.X\Erwin.asm
                     loop   0x00000f    program     static C:\Users\Onayo Moro\Documents\PIC assembly\Steve.X\Erwin.asm
                       pb   0x000012    program     static C:\Users\Onayo Moro\Documents\PIC assembly\Steve.X\Erwin.asm
                    delay   0x000016    program     static C:\Users\Onayo Moro\Documents\PIC assembly\Steve.X\Erwin.asm
               outer_loop   0x000018    program     static C:\Users\Onayo Moro\Documents\PIC assembly\Steve.X\Erwin.asm
               inner_loop   0x00001a    program     static C:\Users\Onayo Moro\Documents\PIC assembly\Steve.X\Erwin.asm


