Microchip MPLAB XC8 Compiler V2.10 ()

Linker command line:

-W-3 --edf=C:\Program Files (x86)\Microchip\xc8\v2.10\pic\dat\en_msgs.txt \
  -cs -h+dist/default/production\Tempdrivers.X.production.sym \
  --cmf=dist/default/production\Tempdrivers.X.production.cmf -z -Q16F877A \
  -oC:\Users\ONAYOM~1\AppData\Local\Temp\s660.2 --defsym=__MPLAB_BUILD=1 \
  -Mdist/default/production/Tempdrivers.X.production.map -E1 -ver=XC8 \
  --acfsm=1493 -ASTACK=0110h-016Fh -pstack=STACK -ACODE=00h-07FFhx4 \
  -ASTRCODE=00h-01FFFh -ASTRING=00h-0FFhx32 -ACONST=00h-0FFhx32 \
  -AENTRY=00h-0FFhx32 -ACOMMON=070h-07Fh -ABANK0=020h-06Fh \
  -ABANK1=0A0h-0EFh -ABANK2=0110h-016Fh -ABANK3=0190h-01EFh \
  -ARAM=020h-06Fh,0A0h-0EFh,0110h-016Fh,0190h-01EFh \
  -AABS1=020h-07Fh,0A0h-0EFh,0110h-016Fh,0190h-01EFh -ASFR0=00h-01Fh \
  -ASFR1=080h-09Fh -ASFR2=0100h-010Fh -ASFR3=0180h-018Fh \
  -preset_vec=00h,intentry,init,end_init -ppowerup=CODE -pcinit=CODE \
  -pfunctab=ENTRY -ACONFIG=02007h-02007h -pconfig=CONFIG -DCONFIG=2 \
  -AIDLOC=02000h-02003h -pidloc=IDLOC -DIDLOC=2 -AEEDATA=00h-0FFh/02100h \
  -peeprom_data=EEDATA -DEEDATA=2 -DCODE=2 -DSTRCODE=2 -DSTRING=2 -DCONST=2 \
  -DENTRY=2 -k C:\Users\ONAYOM~1\AppData\Local\Temp\s660.o \
  dist/default/production\Tempdrivers.X.production.o 

Object code version is 3.11

Machine type is 16F877A



                Name                               Link     Load   Length Selector   Space Scale
C:\Users\ONAYOM~1\AppData\Local\Temp\s660.o
                end_init                              0        0        3        0       0
                config                             2007     2007        1     400E       0
dist/default/production\Tempdrivers.X.production.o
                cinit                               7D3      7D3       2D      FA6       0
                text16                              58E      58E       67      B1C       0
                text15                              535      535       59      A6A       0
                text14                              4F1      4F1       44      9E2       0
                text13                              442      442       3A      884       0
                text12                              3B8      3B8       16      770       0
                text11                              336      336       11      66C       0
                text10                              347      347       11      68E       0
                text9                               3E7      3E7       26      7CE       0
                text8                               5F5      5F5       95      BEA       0
                text7                               3CE      3CE       19      79C       0
                text6                               358      358       12      6B0       0
                text5                               40D      40D       35      81A       0
                text4                               47C      47C       3A      8F8       0
                text3                               4B6      4B6       3B      96C       0
                text2                               68A      68A      149      D14       0
                text1                               32F      32F        7      65E       0
                maintext                            36A      36A       13      6D4       0
                cstackBANK0                          20       20       1E       20       1
                cstackCOMMON                         70       70        E       70       1
                inittext                            37D      37D       13      6FA       0
                dataBANK1                            A0       A0       14       A0       1
                dataBANK0                            3E       3E       14       20       1
                bssBANK0                             52       52        E       20       1
                idataBANK1                          390      390       14      720       0
                idataBANK0                          3A4      3A4       14      748       0

TOTAL           Name                               Link     Load   Length     Space
        CLASS   STACK          

        CLASS   CODE           
                end_init                              0        0        3         0
                cinit                               7D3      7D3       2D         0
                text16                              58E      58E       67         0
                text15                              535      535       59         0
                text14                              4F1      4F1       44         0
                text13                              442      442       3A         0
                text12                              3B8      3B8       16         0
                text11                              336      336       11         0
                text10                              347      347       11         0
                text9                               3E7      3E7       26         0
                text8                               5F5      5F5       95         0
                text7                               3CE      3CE       19         0
                text6                               358      358       12         0
                text5                               40D      40D       35         0
                text4                               47C      47C       3A         0
                text3                               4B6      4B6       3B         0
                text2                               68A      68A      149         0
                text1                               32F      32F        7         0
                maintext                            36A      36A       13         0
                inittext                            37D      37D       13         0
                idataBANK1                          390      390       14         0
                idataBANK0                          3A4      3A4       14         0

        CLASS   STRCODE        

        CLASS   STRING         

        CLASS   CONST          

        CLASS   ENTRY          

        CLASS   COMMON         
                cstackCOMMON                         70       70        E         1

        CLASS   BANK0          
                cstackBANK0                          20       20       1E         1
                dataBANK0                            3E       3E       14         1
                bssBANK0                             52       52        E         1

        CLASS   BANK1          
                dataBANK1                            A0       A0       14         1

        CLASS   BANK2          

        CLASS   BANK3          

        CLASS   RAM            

        CLASS   ABS1           
                abs_s1                               7E       7E        2         1

        CLASS   SFR0           

        CLASS   SFR1           

        CLASS   SFR2           

        CLASS   SFR3           

        CLASS   CONFIG         
                config                             2007     2007        1         0

        CLASS   IDLOC          

        CLASS   EEDATA         



SEGMENTS        Name                           Load    Length   Top    Selector   Space  Class     Delta

                reset_vec                      000000  000003  000003         0       0  CODE        2
                cstackBANK0                    000020  000040  000060        20       1  BANK0       1
                cstackCOMMON                   000070  00000E  00007E        70       1  COMMON      1
                dataBANK1                      0000A0  000014  0000B4        A0       1  BANK1       1
                text1                          00032F  000007  000336       65E       0  CODE        2
                text11                         000336  000011  000347       66C       0  CODE        2
                text10                         000347  000011  000358       68E       0  CODE        2
                text6                          000358  000012  00036A       6B0       0  CODE        2
                maintext                       00036A  000013  00037D       6D4       0  CODE        2
                inittext                       00037D  000013  000390       6FA       0  CODE        2
                idataBANK1                     000390  000014  0003A4       720       0  CODE        2
                idataBANK0                     0003A4  000014  0003B8       748       0  CODE        2
                text12                         0003B8  000016  0003CE       770       0  CODE        2
                text7                          0003CE  000019  0003E7       79C       0  CODE        2
                text9                          0003E7  000026  00040D       7CE       0  CODE        2
                text5                          00040D  000035  000442       81A       0  CODE        2
                text13                         000442  00003A  00047C       884       0  CODE        2
                text4                          00047C  00003A  0004B6       8F8       0  CODE        2
                text3                          0004B6  00003B  0004F1       96C       0  CODE        2
                text14                         0004F1  000044  000535       9E2       0  CODE        2
                text15                         000535  000059  00058E       A6A       0  CODE        2
                text16                         00058E  000067  0005F5       B1C       0  CODE        2
                text8                          0005F5  000095  00068A       BEA       0  CODE        2
                text2                          00068A  000149  0007D3       D14       0  CODE        2
                cinit                          0007D3  00002D  000800       FA6       0  CODE        2
                config                         002007  000001  002008      400E       0  CONFIG      2


UNUSED ADDRESS RANGES

        Name                Unused          Largest block    Delta
        BANK0            0060-006F             10           1
        BANK1            00B4-00EF             3C           1
        BANK2            0110-016F             60           1
        BANK3            0190-01EF             60           1
        CODE             0003-032E            32C           2
                         0800-1FFF            800
        CONST            0003-032E            100           2
                         0800-1FFF            100
        EEDATA           2100-21FF            100           2
        ENTRY            0003-032E            100           2
                         0800-1FFF            100
        IDLOC            2000-2003              4           2
        RAM              0060-006F             10           1
                         00B4-00EF             3C
                         0110-016F             60
                         0190-01EF             60
        SFR0             0000-001F             20           1
        SFR1             0080-009F             20           1
        SFR2             0100-010F             10           1
        SFR3             0180-018F             10           1
        STACK            0110-016F             60           1
        STRCODE          0003-032E            32C           2
                         0800-1FFF           1800
        STRING           0003-032E            100           2
                         0800-1FFF            100

                                  Symbol Table

?___awdiv                cstackCOMMON 0070
?___awmod                cstackCOMMON 0070
?___lwdiv                cstackCOMMON 0076
?___lwmod                cstackCOMMON 0070
_ADCON1                  (abs)        009F
_PORTD                   (abs)        0008
_RA0                     (abs)        0028
_RA2                     (abs)        002A
_RA3                     (abs)        002B
_RA4                     (abs)        002C
_RA5                     (abs)        002D
_THV                     bssBANK0     005E
_TLV                     bssBANK0     005F
_TRISA                   (abs)        0085
_TRISA0                  (abs)        0428
_TRISD                   (abs)        0088
_TX                      bssBANK0     005C
_TZ                      bssBANK0     005D
__CFG_BOREN$OFF          (abs)        0000
__CFG_FOSC$HS            (abs)        0000
__CFG_LVP$OFF            (abs)        0000
__CFG_PWRTE$ON           (abs)        0000
__CFG_WDTE$OFF           (abs)        0000
__Habs1                  abs1         0000
__Hbank0                 bank0        0000
__Hbank1                 bank1        0000
__Hbank2                 bank2        0000
__Hbank3                 bank3        0000
__HbssBANK0              bssBANK0     0000
__Hcinit                 cinit        0800
__Hclrtext               clrtext      0000
__Hcode                  code         0000
__Hcommon                common       0000
__Hconfig                config       2008
__HcstackBANK0           cstackBANK0  0000
__HcstackCOMMON          cstackCOMMON 0000
__HdataBANK0             dataBANK0    0000
__HdataBANK1             dataBANK1    0000
__Heeprom_data           eeprom_data  0000
__Hend_init              end_init     0003
__Hfunctab               functab      0000
__HidataBANK0            idataBANK0   0000
__HidataBANK1            idataBANK1   0000
__Hidloc                 idloc        0000
__Hinit                  init         0000
__Hinittext              inittext     0000
__Hintentry              intentry     0000
__Hmaintext              maintext     0000
__Hpowerup               powerup      0000
__Hram                   ram          0000
__Hreset_vec             reset_vec    0000
__Hsfr0                  sfr0         0000
__Hsfr1                  sfr1         0000
__Hsfr2                  sfr2         0000
__Hsfr3                  sfr3         0000
__Hspace_0               (abs)        2008
__Hspace_1               (abs)        00B4
__Hspace_2               (abs)        0000
__Hspace_3               (abs)        0000
__Hstack                 stack        0000
__Hstrings               strings      0000
__Htext                  text         0000
__Labs1                  abs1         0000
__Lbank0                 bank0        0000
__Lbank1                 bank1        0000
__Lbank2                 bank2        0000
__Lbank3                 bank3        0000
__LbssBANK0              bssBANK0     0000
__Lcinit                 cinit        07D3
__Lclrtext               clrtext      0000
__Lcode                  code         0000
__Lcommon                common       0000
__Lconfig                config       2007
__LcstackBANK0           cstackBANK0  0000
__LcstackCOMMON          cstackCOMMON 0000
__LdataBANK0             dataBANK0    0000
__LdataBANK1             dataBANK1    0000
__Leeprom_data           eeprom_data  0000
__Lend_init              end_init     0000
__Lfunctab               functab      0000
__LidataBANK0            idataBANK0   0000
__LidataBANK1            idataBANK1   0000
__Lidloc                 idloc        0000
__Linit                  init         0000
__Linittext              inittext     0000
__Lintentry              intentry     0000
__Lmaintext              maintext     0000
__Lpowerup               powerup      0000
__Lram                   ram          0000
__Lreset_vec             reset_vec    0000
__Lsfr0                  sfr0         0000
__Lsfr1                  sfr1         0000
__Lsfr2                  sfr2         0000
__Lsfr3                  sfr3         0000
__Lspace_0               (abs)        0000
__Lspace_1               (abs)        0000
__Lspace_2               (abs)        0000
__Lspace_3               (abs)        0000
__Lstack                 stack        0000
__Lstrings               strings      0000
__Ltext                  text         0000
__S0                     (abs)        2008
__S1                     (abs)        00B4
__S2                     (abs)        0000
__S3                     (abs)        0000
___awdiv                 text16       058E
___awdiv@counter         cstackCOMMON 0075
___awdiv@dividend        cstackCOMMON 0072
___awdiv@divisor         cstackCOMMON 0070
___awdiv@quotient        cstackCOMMON 0077
___awdiv@sign            cstackCOMMON 0076
___awmod                 text15       0535
___awmod@counter         cstackCOMMON 0075
___awmod@dividend        cstackCOMMON 0072
___awmod@divisor         cstackCOMMON 0070
___awmod@sign            cstackCOMMON 0076
___int_sp                stack        0000
___latbits               (abs)        0002
___lwdiv                 text14       04F1
___lwdiv@counter         cstackCOMMON 007D
___lwdiv@dividend        cstackCOMMON 0078
___lwdiv@divisor         cstackCOMMON 0076
___lwdiv@quotient        cstackCOMMON 007B
___lwmod                 text13       0442
___lwmod@counter         cstackCOMMON 0075
___lwmod@dividend        cstackCOMMON 0072
___lwmod@divisor         cstackCOMMON 0070
___sp                    stack        0000
___stackhi               (abs)        0000
___stacklo               (abs)        0000
__end_of___awdiv         text16       05F5
__end_of___awmod         text15       058E
__end_of___lwdiv         text14       0535
__end_of___lwmod         text13       047C
__end_of__initialization cinit        07FC
__end_of_delay           text12       03CE
__end_of_delay_temp      text6        036A
__end_of_dispcmd         text8        068A
__end_of_display         text7        03E7
__end_of_get_temp        text2        07D3
__end_of_init_temp       text1        0336
__end_of_main            maintext     037D
__end_of_read_byte       text5        0442
__end_of_reset           text4        04B6
__end_of_write_byte      text3        04F1
__end_of_writechar       text10       0358
__end_of_writecmd        text11       0347
__end_of_yeet            text9        040D
__initialization         cinit        07D3
__pbssBANK0              bssBANK0     0052
__pcstackBANK0           cstackBANK0  0020
__pcstackCOMMON          cstackCOMMON 0070
__pdataBANK0             dataBANK0    003E
__pdataBANK1             dataBANK1    00A0
__pidataBANK0            idataBANK0   03A4
__pidataBANK1            idataBANK1   0390
__pmaintext              maintext     036A
__ptext1                 text1        032F
__ptext10                text10       0347
__ptext11                text11       0336
__ptext12                text12       03B8
__ptext13                text13       0442
__ptext14                text14       04F1
__ptext15                text15       0535
__ptext16                text16       058E
__ptext2                 text2        068A
__ptext3                 text3        04B6
__ptext4                 text4        047C
__ptext5                 text5        040D
__ptext6                 text6        0358
__ptext7                 text7        03CE
__ptext8                 text8        05F5
__ptext9                 text9        03E7
__size_of___awdiv        (abs)        0000
__size_of___awmod        (abs)        0000
__size_of___lwdiv        (abs)        0000
__size_of___lwmod        (abs)        0000
__size_of_delay          (abs)        0000
__size_of_delay_temp     (abs)        0000
__size_of_dispcmd        (abs)        0000
__size_of_display        (abs)        0000
__size_of_get_temp       (abs)        0000
__size_of_init_temp      (abs)        0000
__size_of_main           (abs)        0000
__size_of_read_byte      (abs)        0000
__size_of_reset          (abs)        0000
__size_of_write_byte     (abs)        0000
__size_of_writechar      (abs)        0000
__size_of_writecmd       (abs)        0000
__size_of_yeet           (abs)        0000
_baifen                  bssBANK0     0058
_delay                   text12       03B8
_delay_temp              text6        0358
_dispcmd                 text8        05F5
_display                 text7        03CE
_ge                      bssBANK0     005A
_get_temp                text2        068A
_init_temp               text1        032F
_main                    maintext     036A
_num                     dataBANK0    003E
_qianfen                 bssBANK0     0057
_read_byte               text5        040D
_reset                   text4        047C
_shi                     bssBANK0     005B
_shifen                  bssBANK0     0059
_wanfen                  bssBANK0     0056
_wd                      bssBANK0     0052
_write_byte              text3        04B6
_writechar               text10       0347
_writecmd                text11       0336
_yeet                    text9        03E7
btemp                    (abs)        007E
delay@i                  cstackCOMMON 0070
delay_temp@x             cstackCOMMON 0072
delay_temp@y             cstackCOMMON 0070
delay_temp@z             cstackCOMMON 0073
dispcmd@F865             dataBANK1    00A0
dispcmd@error            cstackBANK0  0024
dispcmd@line             cstackCOMMON 0078
dispcmd@linetxt          cstackCOMMON 007A
display@tempstr          cstackCOMMON 007C
end_of_initialization    cinit        07FC
get_temp@i               cstackBANK0  003C
init_fetch0              inittext     037D
init_ram0                inittext     0381
intlevel0                functab      0000
intlevel1                functab      0000
intlevel2                functab      0000
intlevel3                functab      0000
intlevel4                functab      0000
intlevel5                functab      0000
read_byte@i              cstackCOMMON 0076
read_byte@value          cstackCOMMON 0075
reset@presence           cstackCOMMON 0075
reset_vec                reset_vec    0000
start                    init         0000
start_initialization     cinit        07D3
write_byte@i             cstackCOMMON 0078
write_byte@temp          cstackCOMMON 0076
write_byte@val           cstackCOMMON 0077
writechar@x              cstackCOMMON 0072
writecmd@x               cstackCOMMON 0072
wtemp0                   (abs)        007E
yeet@array               cstackCOMMON 0077
yeet@i                   cstackCOMMON 0074
yeet@p                   cstackCOMMON 0076


FUNCTION INFORMATION:

 *************** function _main *****************
 Defined at:
		line 183 in file "Tempmain.c"
 Parameters:    Size  Location     Type
		None
 Auto vars:     Size  Location     Type
		None
 Return value:  Size  Location     Type
                  1    wreg      void 
 Registers used:
		wreg, fsr0l, fsr0h, status,2, status,0, btemp+1, pclath, cstack
 Tracked objects:
		On entry : 
		On exit  : 
		Unchanged: 
 Data sizes:     COMMON   BANK0   BANK1   BANK3   BANK2
      Params:         0       0       0       0       0
      Locals:         0       0       0       0       0
      Temps:          0       0       0       0       0
      Totals:         0       0       0       0       0
Total ram usage:        0 bytes
 Hardware stack levels required when called:    6
 This function calls:
		_display
		_get_temp
		_init_temp
 This function is called by:
		Startup code after reset
 This function uses a non-reentrant model


 *************** function _init_temp *****************
 Defined at:
		line 66 in file "Tempmain.c"
 Parameters:    Size  Location     Type
		None
 Auto vars:     Size  Location     Type
		None
 Return value:  Size  Location     Type
                  1    wreg      void 
 Registers used:
		wreg, status,2
 Tracked objects:
		On entry : 
		On exit  : 
		Unchanged: 
 Data sizes:     COMMON   BANK0   BANK1   BANK3   BANK2
      Params:         0       0       0       0       0
      Locals:         0       0       0       0       0
      Temps:          0       0       0       0       0
      Totals:         0       0       0       0       0
Total ram usage:        0 bytes
 Hardware stack levels used:    1
 This function calls:
		Nothing
 This function is called by:
		_main
 This function uses a non-reentrant model


 *************** function _get_temp *****************
 Defined at:
		line 146 in file "Tempmain.c"
 Parameters:    Size  Location     Type
		None
 Auto vars:     Size  Location     Type
  i               2   28[BANK0 ] int 
 Return value:  Size  Location     Type
                  1    wreg      void 
 Registers used:
		wreg, fsr0l, fsr0h, status,2, status,0, btemp+1, pclath, cstack
 Tracked objects:
		On entry : 
		On exit  : 
		Unchanged: 
 Data sizes:     COMMON   BANK0   BANK1   BANK3   BANK2
      Params:         0       0       0       0       0
      Locals:         0       2       0       0       0
      Temps:          0       4       0       0       0
      Totals:         0       6       0       0       0
Total ram usage:        6 bytes
 Hardware stack levels used:    1
 Hardware stack levels required when called:    5
 This function calls:
		___awdiv
		___awmod
		___lwdiv
		___lwmod
		_display
		_read_byte
		_reset
		_write_byte
 This function is called by:
		_main
 This function uses a non-reentrant model


 *************** function _write_byte *****************
 Defined at:
		line 92 in file "Tempmain.c"
 Parameters:    Size  Location     Type
  val             1    wreg     unsigned char 
 Auto vars:     Size  Location     Type
  val             1    7[COMMON] unsigned char 
  i               1    8[COMMON] unsigned char 
  temp            1    6[COMMON] unsigned char 
 Return value:  Size  Location     Type
                  1    wreg      void 
 Registers used:
		wreg, status,2, status,0, pclath, cstack
 Tracked objects:
		On entry : 
		On exit  : 
		Unchanged: 
 Data sizes:     COMMON   BANK0   BANK1   BANK3   BANK2
      Params:         0       0       0       0       0
      Locals:         3       0       0       0       0
      Temps:          2       0       0       0       0
      Totals:         5       0       0       0       0
Total ram usage:        5 bytes
 Hardware stack levels used:    1
 Hardware stack levels required when called:    1
 This function calls:
		_delay_temp
 This function is called by:
		_get_temp
 This function uses a non-reentrant model


 *************** function _reset *****************
 Defined at:
		line 75 in file "Tempmain.c"
 Parameters:    Size  Location     Type
		None
 Auto vars:     Size  Location     Type
  presence        1    5[COMMON] unsigned char 
 Return value:  Size  Location     Type
                  2   52[None  ] int 
 Registers used:
		wreg, status,2, status,0, pclath, cstack
 Tracked objects:
		On entry : 
		On exit  : 
		Unchanged: 
 Data sizes:     COMMON   BANK0   BANK1   BANK3   BANK2
      Params:         0       0       0       0       0
      Locals:         1       0       0       0       0
      Temps:          1       0       0       0       0
      Totals:         2       0       0       0       0
Total ram usage:        2 bytes
 Hardware stack levels used:    1
 Hardware stack levels required when called:    1
 This function calls:
		_delay_temp
 This function is called by:
		_get_temp
 This function uses a non-reentrant model


 *************** function _read_byte *****************
 Defined at:
		line 116 in file "Tempmain.c"
 Parameters:    Size  Location     Type
		None
 Auto vars:     Size  Location     Type
  i               1    6[COMMON] unsigned char 
  value           1    5[COMMON] unsigned char 
 Return value:  Size  Location     Type
                  1    wreg      unsigned char 
 Registers used:
		wreg, status,2, status,0, pclath, cstack
 Tracked objects:
		On entry : 
		On exit  : 
		Unchanged: 
 Data sizes:     COMMON   BANK0   BANK1   BANK3   BANK2
      Params:         0       0       0       0       0
      Locals:         2       0       0       0       0
      Temps:          1       0       0       0       0
      Totals:         3       0       0       0       0
Total ram usage:        3 bytes
 Hardware stack levels used:    1
 Hardware stack levels required when called:    1
 This function calls:
		_delay_temp
 This function is called by:
		_get_temp
 This function uses a non-reentrant model


 *************** function _delay_temp *****************
 Defined at:
		line 65 in file "tempsource.c"
 Parameters:    Size  Location     Type
  x               1    wreg     unsigned char 
  y               1    0[COMMON] unsigned char 
 Auto vars:     Size  Location     Type
  x               1    2[COMMON] unsigned char 
  z               1    3[COMMON] unsigned char 
 Return value:  Size  Location     Type
                  1    wreg      void 
 Registers used:
		wreg, status,2, status,0
 Tracked objects:
		On entry : 
		On exit  : 
		Unchanged: 
 Data sizes:     COMMON   BANK0   BANK1   BANK3   BANK2
      Params:         1       0       0       0       0
      Locals:         2       0       0       0       0
      Temps:          1       0       0       0       0
      Totals:         4       0       0       0       0
Total ram usage:        4 bytes
 Hardware stack levels used:    1
 This function calls:
		Nothing
 This function is called by:
		_reset
		_write_byte
		_read_byte
 This function uses a non-reentrant model


 *************** function _display *****************
 Defined at:
		line 58 in file "Tempmain.c"
 Parameters:    Size  Location     Type
		None
 Auto vars:     Size  Location     Type
  tempstr         1   12[COMMON] unsigned char [1]
 Return value:  Size  Location     Type
                  1    wreg      void 
 Registers used:
		wreg, fsr0l, fsr0h, status,2, status,0, btemp+1, pclath, cstack
 Tracked objects:
		On entry : 
		On exit  : 
		Unchanged: 
 Data sizes:     COMMON   BANK0   BANK1   BANK3   BANK2
      Params:         0       0       0       0       0
      Locals:         1       0       0       0       0
      Temps:          1       0       0       0       0
      Totals:         2       0       0       0       0
Total ram usage:        2 bytes
 Hardware stack levels used:    1
 Hardware stack levels required when called:    4
 This function calls:
		_dispcmd
 This function is called by:
		_get_temp
		_main
 This function uses a non-reentrant model


 *************** function _dispcmd *****************
 Defined at:
		line 16 in file "4linelcddriver.c"
 Parameters:    Size  Location     Type
  line            2    8[COMMON] int 
  linetxt         1   10[COMMON] PTR unsigned char 
		 -> display@tempstr(1), 
 Auto vars:     Size  Location     Type
  error          20    4[BANK0 ] unsigned char [20]
 Return value:  Size  Location     Type
                  1    wreg      void 
 Registers used:
		wreg, fsr0l, fsr0h, status,2, status,0, btemp+1, pclath, cstack
 Tracked objects:
		On entry : 
		On exit  : 
		Unchanged: 
 Data sizes:     COMMON   BANK0   BANK1   BANK3   BANK2
      Params:         3       0       0       0       0
      Locals:         0      20       0       0       0
      Temps:          0       4       0       0       0
      Totals:         3      24       0       0       0
Total ram usage:       27 bytes
 Hardware stack levels used:    1
 Hardware stack levels required when called:    3
 This function calls:
		_writecmd
		_yeet
 This function is called by:
		_display
 This function uses a non-reentrant model


 *************** function _yeet *****************
 Defined at:
		line 41 in file "4linelcddriver.c"
 Parameters:    Size  Location     Type
  array           1    wreg     PTR unsigned char 
		 -> dispcmd@error(20), display@tempstr(1), 
 Auto vars:     Size  Location     Type
  array           1    7[COMMON] PTR unsigned char 
		 -> dispcmd@error(20), display@tempstr(1), 
  i               2    4[COMMON] int 
  p               1    6[COMMON] PTR unsigned char 
		 -> dispcmd@error(20), display@tempstr(1), 
 Return value:  Size  Location     Type
                  1    wreg      void 
 Registers used:
		wreg, fsr0l, fsr0h, status,2, status,0, btemp+1, pclath, cstack
 Tracked objects:
		On entry : 
		On exit  : 
		Unchanged: 
 Data sizes:     COMMON   BANK0   BANK1   BANK3   BANK2
      Params:         0       0       0       0       0
      Locals:         4       0       0       0       0
      Temps:          1       0       0       0       0
      Totals:         5       0       0       0       0
Total ram usage:        5 bytes
 Hardware stack levels used:    1
 Hardware stack levels required when called:    2
 This function calls:
		_writechar
 This function is called by:
		_dispcmd
 This function uses a non-reentrant model


 *************** function _writechar *****************
 Defined at:
		line 59 in file "4linelcddriver.c"
 Parameters:    Size  Location     Type
  x               1    wreg     unsigned char 
 Auto vars:     Size  Location     Type
  x               1    2[COMMON] unsigned char 
 Return value:  Size  Location     Type
                  1    wreg      void 
 Registers used:
		wreg, status,2, status,0, btemp+1, pclath, cstack
 Tracked objects:
		On entry : 
		On exit  : 
		Unchanged: 
 Data sizes:     COMMON   BANK0   BANK1   BANK3   BANK2
      Params:         0       0       0       0       0
      Locals:         1       0       0       0       0
      Temps:          0       0       0       0       0
      Totals:         1       0       0       0       0
Total ram usage:        1 bytes
 Hardware stack levels used:    1
 Hardware stack levels required when called:    1
 This function calls:
		_delay
 This function is called by:
		_yeet
 This function uses a non-reentrant model


 *************** function _writecmd *****************
 Defined at:
		line 71 in file "4linelcddriver.c"
 Parameters:    Size  Location     Type
  x               1    wreg     unsigned char 
 Auto vars:     Size  Location     Type
  x               1    2[COMMON] unsigned char 
 Return value:  Size  Location     Type
                  1    wreg      void 
 Registers used:
		wreg, status,2, status,0, btemp+1, pclath, cstack
 Tracked objects:
		On entry : 
		On exit  : 
		Unchanged: 
 Data sizes:     COMMON   BANK0   BANK1   BANK3   BANK2
      Params:         0       0       0       0       0
      Locals:         1       0       0       0       0
      Temps:          0       0       0       0       0
      Totals:         1       0       0       0       0
Total ram usage:        1 bytes
 Hardware stack levels used:    1
 Hardware stack levels required when called:    1
 This function calls:
		_delay
 This function is called by:
		_dispcmd
		_lcd_init
 This function uses a non-reentrant model


 *************** function _delay *****************
 Defined at:
		line 51 in file "4linelcddriver.c"
 Parameters:    Size  Location     Type
		None
 Auto vars:     Size  Location     Type
  i               2    0[COMMON] int 
 Return value:  Size  Location     Type
                  1    wreg      void 
 Registers used:
		wreg, status,2, btemp+1
 Tracked objects:
		On entry : 
		On exit  : 
		Unchanged: 
 Data sizes:     COMMON   BANK0   BANK1   BANK3   BANK2
      Params:         0       0       0       0       0
      Locals:         2       0       0       0       0
      Temps:          0       0       0       0       0
      Totals:         2       0       0       0       0
Total ram usage:        2 bytes
 Hardware stack levels used:    1
 This function calls:
		Nothing
 This function is called by:
		_writechar
		_writecmd
 This function uses a non-reentrant model


 *************** function ___lwmod *****************
 Defined at:
		line 5 in file "C:\Program Files (x86)\Microchip\xc8\v2.10\pic\sources\c90\common\lwmod.c"
 Parameters:    Size  Location     Type
  divisor         2    0[COMMON] unsigned int 
  dividend        2    2[COMMON] unsigned int 
 Auto vars:     Size  Location     Type
  counter         1    5[COMMON] unsigned char 
 Return value:  Size  Location     Type
                  2    0[COMMON] unsigned int 
 Registers used:
		wreg, status,2, status,0
 Tracked objects:
		On entry : 
		On exit  : 
		Unchanged: 
 Data sizes:     COMMON   BANK0   BANK1   BANK3   BANK2
      Params:         4       0       0       0       0
      Locals:         1       0       0       0       0
      Temps:          1       0       0       0       0
      Totals:         6       0       0       0       0
Total ram usage:        6 bytes
 Hardware stack levels used:    1
 This function calls:
		Nothing
 This function is called by:
		_get_temp
 This function uses a non-reentrant model


 *************** function ___lwdiv *****************
 Defined at:
		line 5 in file "C:\Program Files (x86)\Microchip\xc8\v2.10\pic\sources\c90\common\lwdiv.c"
 Parameters:    Size  Location     Type
  divisor         2    6[COMMON] unsigned int 
  dividend        2    8[COMMON] unsigned int 
 Auto vars:     Size  Location     Type
  quotient        2   11[COMMON] unsigned int 
  counter         1   13[COMMON] unsigned char 
 Return value:  Size  Location     Type
                  2    6[COMMON] unsigned int 
 Registers used:
		wreg, status,2, status,0
 Tracked objects:
		On entry : 
		On exit  : 
		Unchanged: 
 Data sizes:     COMMON   BANK0   BANK1   BANK3   BANK2
      Params:         4       0       0       0       0
      Locals:         3       0       0       0       0
      Temps:          1       0       0       0       0
      Totals:         8       0       0       0       0
Total ram usage:        8 bytes
 Hardware stack levels used:    1
 This function calls:
		Nothing
 This function is called by:
		_get_temp
 This function uses a non-reentrant model


 *************** function ___awmod *****************
 Defined at:
		line 5 in file "C:\Program Files (x86)\Microchip\xc8\v2.10\pic\sources\c90\common\awmod.c"
 Parameters:    Size  Location     Type
  divisor         2    0[COMMON] int 
  dividend        2    2[COMMON] int 
 Auto vars:     Size  Location     Type
  sign            1    6[COMMON] unsigned char 
  counter         1    5[COMMON] unsigned char 
 Return value:  Size  Location     Type
                  2    0[COMMON] int 
 Registers used:
		wreg, status,2, status,0
 Tracked objects:
		On entry : 
		On exit  : 
		Unchanged: 
 Data sizes:     COMMON   BANK0   BANK1   BANK3   BANK2
      Params:         4       0       0       0       0
      Locals:         2       0       0       0       0
      Temps:          1       0       0       0       0
      Totals:         7       0       0       0       0
Total ram usage:        7 bytes
 Hardware stack levels used:    1
 This function calls:
		Nothing
 This function is called by:
		_get_temp
 This function uses a non-reentrant model


 *************** function ___awdiv *****************
 Defined at:
		line 5 in file "C:\Program Files (x86)\Microchip\xc8\v2.10\pic\sources\c90\common\awdiv.c"
 Parameters:    Size  Location     Type
  divisor         2    0[COMMON] int 
  dividend        2    2[COMMON] int 
 Auto vars:     Size  Location     Type
  quotient        2    7[COMMON] int 
  sign            1    6[COMMON] unsigned char 
  counter         1    5[COMMON] unsigned char 
 Return value:  Size  Location     Type
                  2    0[COMMON] int 
 Registers used:
		wreg, status,2, status,0
 Tracked objects:
		On entry : 
		On exit  : 
		Unchanged: 
 Data sizes:     COMMON   BANK0   BANK1   BANK3   BANK2
      Params:         4       0       0       0       0
      Locals:         4       0       0       0       0
      Temps:          1       0       0       0       0
      Totals:         9       0       0       0       0
Total ram usage:        9 bytes
 Hardware stack levels used:    1
 This function calls:
		Nothing
 This function is called by:
		_get_temp
 This function uses a non-reentrant model



MODULE INFORMATION

Module		Function		Class		Link	Load	Size
C:\Program Files (x86)\Microchip\xc8\v2.10\pic\sources\c90\common\lwdiv.c
		___lwdiv       		CODE           	04F1	0000	69

C:\Program Files (x86)\Microchip\xc8\v2.10\pic\sources\c90\common\lwdiv.c estimated size: 69

C:\Program Files (x86)\Microchip\xc8\v2.10\pic\sources\c90\common\awdiv.c
		___awdiv       		CODE           	058E	0000	104

C:\Program Files (x86)\Microchip\xc8\v2.10\pic\sources\c90\common\awdiv.c estimated size: 104

Tempmain.c
		_reset         		CODE           	047C	0000	59
		_display       		CODE           	03CE	0000	26
		_get_temp      		CODE           	068A	0000	330
		_main          		CODE           	036A	0000	20
		_read_byte     		CODE           	040D	0000	54
		_write_byte    		CODE           	04B6	0000	60
		_init_temp     		CODE           	032F	0000	8

Tempmain.c estimated size: 557

shared
		__initialization		CODE           	07D3	0000	42

shared estimated size: 42

C:\Program Files (x86)\Microchip\xc8\v2.10\pic\sources\c90\common\lwmod.c
		___lwmod       		CODE           	0442	0000	59

C:\Program Files (x86)\Microchip\xc8\v2.10\pic\sources\c90\common\lwmod.c estimated size: 59

tempsource.c
		_delay_temp    		CODE           	0358	0000	19

tempsource.c estimated size: 19

C:\Program Files (x86)\Microchip\xc8\v2.10\pic\sources\c90\common\awmod.c
		___awmod       		CODE           	0535	0000	90

C:\Program Files (x86)\Microchip\xc8\v2.10\pic\sources\c90\common\awmod.c estimated size: 90

4linelcddriver.c
		_delay         		CODE           	03B8	0000	23
		_writechar     		CODE           	0347	0000	18
		_dispcmd       		CODE           	05F5	0000	150
		_writecmd      		CODE           	0336	0000	18
		_yeet          		CODE           	03E7	0000	39

4linelcddriver.c estimated size: 248

