MPLINK 5.09, LINKER
Linker Map File - Created Mon Oct 21 17:47:14 2019

                                 Section Info
                  Section       Type    Address   Location Size(Bytes)
                ---------  ---------  ---------  ---------  ---------
                   .org_0       code   0x000000    program   0x000086
                   .cinit    romdata   0x000043    program   0x000004
.config_2007_BUILD/DEFAULT/PRODUCTION/LAB2 TE       code   0x002007    program   0x000002



                              Program Memory Usage 
                               Start         End      
                           ---------   ---------      
                            0x000000    0x000044      
                            0x002007    0x002007      
            70 out of 8454 program addresses used, program memory utilization is 0%



                              Symbols - Sorted by Name
                     Name    Address   Location    Storage File                     
                ---------  ---------  ---------  --------- ---------                
                    delay   0x00003a    program     static C:\Users\Onayo Moro\Documents\PIC assembly\LAB2.X\LAB2 TEST.asm
             digit1_count   0x00000f    program     static C:\Users\Onayo Moro\Documents\PIC assembly\LAB2.X\LAB2 TEST.asm
             digit2_count   0x000037    program     static C:\Users\Onayo Moro\Documents\PIC assembly\LAB2.X\LAB2 TEST.asm
               inner_loop   0x00003e    program     static C:\Users\Onayo Moro\Documents\PIC assembly\LAB2.X\LAB2 TEST.asm
                     loop   0x00000d    program     static C:\Users\Onayo Moro\Documents\PIC assembly\LAB2.X\LAB2 TEST.asm
                     main   0x000000    program     static C:\Users\Onayo Moro\Documents\PIC assembly\LAB2.X\LAB2 TEST.asm
               outer_loop   0x00003c    program     static C:\Users\Onayo Moro\Documents\PIC assembly\LAB2.X\LAB2 TEST.asm



                              Symbols - Sorted by Address
                     Name    Address   Location    Storage File                     
                ---------  ---------  ---------  --------- ---------                
                     main   0x000000    program     static C:\Users\Onayo Moro\Documents\PIC assembly\LAB2.X\LAB2 TEST.asm
                     loop   0x00000d    program     static C:\Users\Onayo Moro\Documents\PIC assembly\LAB2.X\LAB2 TEST.asm
             digit1_count   0x00000f    program     static C:\Users\Onayo Moro\Documents\PIC assembly\LAB2.X\LAB2 TEST.asm
             digit2_count   0x000037    program     static C:\Users\Onayo Moro\Documents\PIC assembly\LAB2.X\LAB2 TEST.asm
                    delay   0x00003a    program     static C:\Users\Onayo Moro\Documents\PIC assembly\LAB2.X\LAB2 TEST.asm
               outer_loop   0x00003c    program     static C:\Users\Onayo Moro\Documents\PIC assembly\LAB2.X\LAB2 TEST.asm
               inner_loop   0x00003e    program     static C:\Users\Onayo Moro\Documents\PIC assembly\LAB2.X\LAB2 TEST.asm


