Microchip MPLAB XC8 Compiler V2.10 ()

Linker command line:

-W-3 --edf=C:\Program Files (x86)\Microchip\xc8\v2.10\pic\dat\en_msgs.txt \
  -cs -h+dist/default/production\Tempreature.X.production.sym \
  --cmf=dist/default/production\Tempreature.X.production.cmf -z -Q16F877A \
  -oC:\Users\ONAYOM~1\AppData\Local\Temp\sgi4.2 --defsym=__MPLAB_BUILD=1 \
  -Mdist/default/production/Tempreature.X.production.map -E1 -ver=XC8 \
  --acfsm=1493 -ASTACK=0110h-016Fh -pstack=STACK -ACODE=00h-07FFhx4 \
  -ASTRCODE=00h-01FFFh -ASTRING=00h-0FFhx32 -ACONST=00h-0FFhx32 \
  -AENTRY=00h-0FFhx32 -ACOMMON=070h-07Fh -ABANK0=020h-06Fh \
  -ABANK1=0A0h-0EFh -ABANK2=0110h-016Fh -ABANK3=0190h-01EFh \
  -ARAM=020h-06Fh,0A0h-0EFh,0110h-016Fh,0190h-01EFh \
  -AABS1=020h-07Fh,0A0h-0EFh,0110h-016Fh,0190h-01EFh -ASFR0=00h-01Fh \
  -ASFR1=080h-09Fh -ASFR2=0100h-010Fh -ASFR3=0180h-018Fh \
  -preset_vec=00h,intentry,init,end_init -ppowerup=CODE -pcinit=CODE \
  -pfunctab=ENTRY -ACONFIG=02007h-02007h -pconfig=CONFIG -DCONFIG=2 \
  -AIDLOC=02000h-02003h -pidloc=IDLOC -DIDLOC=2 -AEEDATA=00h-0FFh/02100h \
  -peeprom_data=EEDATA -DEEDATA=2 -DCODE=2 -DSTRCODE=2 -DSTRING=2 -DCONST=2 \
  -DENTRY=2 -k C:\Users\ONAYOM~1\AppData\Local\Temp\sgi4.o \
  dist/default/production\Tempreature.X.production.o 

Object code version is 3.11

Machine type is 16F877A



                Name                               Link     Load   Length Selector   Space Scale
C:\Users\ONAYOM~1\AppData\Local\Temp\sgi4.o
                end_init                              0        0        3        0       0
                config                             2007     2007        1     400E       0
dist/default/production\Tempreature.X.production.o
                cinit                               7D4      7D4       2C      FA8       0
                text17                              599      599       67      B32       0
                text16                              4DA      4DA       59      9B4       0
                text15                              496      496       44      92C       0
                text14                              3E7      3E7       3A      7CE       0
                text13                              308      308       12      610       0
                text12                              355      355       16      6AA       0
                text11                              2E6      2E6       11      5CC       0
                text10                              2F7      2F7       11      5EE       0
                text9                               381      381       31      702       0
                text8                               600      600       8B      C00       0
                text7                               2D1      2D1        7      5A2       0
                text6                               36B      36B       16      6D6       0
                text5                               533      533       66      A66       0
                text4                               3B2      3B2       35      764       0
                text3                               421      421       3A      842       0
                text2                               45B      45B       3B      8B6       0
                text1                               68B      68B      149      D16       0
                maintext                            2D8      2D8        E      5B0       0
                cstackBANK0                          20       20       22       20       1
                cstackCOMMON                         70       70        E       70       1
                inittext                            31A      31A       13      634       0
                dataBANK1                            A0       A0       14       A0       1
                dataBANK0                            42       42       14       20       1
                bssBANK0                             56       56        D       20       1
                idataBANK1                          32D      32D       14      65A       0
                idataBANK0                          341      341       14      682       0

TOTAL           Name                               Link     Load   Length     Space
        CLASS   STACK          

        CLASS   CODE           
                end_init                              0        0        3         0
                cinit                               7D4      7D4       2C         0
                text17                              599      599       67         0
                text16                              4DA      4DA       59         0
                text15                              496      496       44         0
                text14                              3E7      3E7       3A         0
                text13                              308      308       12         0
                text12                              355      355       16         0
                text11                              2E6      2E6       11         0
                text10                              2F7      2F7       11         0
                text9                               381      381       31         0
                text8                               600      600       8B         0
                text7                               2D1      2D1        7         0
                text6                               36B      36B       16         0
                text5                               533      533       66         0
                text4                               3B2      3B2       35         0
                text3                               421      421       3A         0
                text2                               45B      45B       3B         0
                text1                               68B      68B      149         0
                maintext                            2D8      2D8        E         0
                inittext                            31A      31A       13         0
                idataBANK1                          32D      32D       14         0
                idataBANK0                          341      341       14         0

        CLASS   STRCODE        

        CLASS   STRING         

        CLASS   CONST          

        CLASS   ENTRY          

        CLASS   COMMON         
                cstackCOMMON                         70       70        E         1

        CLASS   BANK0          
                cstackBANK0                          20       20       22         1
                dataBANK0                            42       42       14         1
                bssBANK0                             56       56        D         1

        CLASS   BANK1          
                dataBANK1                            A0       A0       14         1

        CLASS   BANK2          

        CLASS   BANK3          

        CLASS   RAM            

        CLASS   ABS1           
                abs_s1                               7E       7E        2         1

        CLASS   SFR0           

        CLASS   SFR1           

        CLASS   SFR2           

        CLASS   SFR3           

        CLASS   CONFIG         
                config                             2007     2007        1         0

        CLASS   IDLOC          

        CLASS   EEDATA         



SEGMENTS        Name                           Load    Length   Top    Selector   Space  Class     Delta

                reset_vec                      000000  000003  000003         0       0  CODE        2
                cstackBANK0                    000020  000043  000063        20       1  BANK0       1
                cstackCOMMON                   000070  00000E  00007E        70       1  COMMON      1
                dataBANK1                      0000A0  000014  0000B4        A0       1  BANK1       1
                text7                          0002D1  000007  0002D8       5A2       0  CODE        2
                maintext                       0002D8  00000E  0002E6       5B0       0  CODE        2
                text11                         0002E6  000011  0002F7       5CC       0  CODE        2
                text10                         0002F7  000011  000308       5EE       0  CODE        2
                text13                         000308  000012  00031A       610       0  CODE        2
                inittext                       00031A  000013  00032D       634       0  CODE        2
                idataBANK1                     00032D  000014  000341       65A       0  CODE        2
                idataBANK0                     000341  000014  000355       682       0  CODE        2
                text12                         000355  000016  00036B       6AA       0  CODE        2
                text6                          00036B  000016  000381       6D6       0  CODE        2
                text9                          000381  000031  0003B2       702       0  CODE        2
                text4                          0003B2  000035  0003E7       764       0  CODE        2
                text14                         0003E7  00003A  000421       7CE       0  CODE        2
                text3                          000421  00003A  00045B       842       0  CODE        2
                text2                          00045B  00003B  000496       8B6       0  CODE        2
                text15                         000496  000044  0004DA       92C       0  CODE        2
                text16                         0004DA  000059  000533       9B4       0  CODE        2
                text5                          000533  000066  000599       A66       0  CODE        2
                text17                         000599  000067  000600       B32       0  CODE        2
                text8                          000600  00008B  00068B       C00       0  CODE        2
                text1                          00068B  000149  0007D4       D16       0  CODE        2
                cinit                          0007D4  00002C  000800       FA8       0  CODE        2
                config                         002007  000001  002008      400E       0  CONFIG      2


UNUSED ADDRESS RANGES

        Name                Unused          Largest block    Delta
        BANK0            0063-006F              D           1
        BANK1            00B4-00EF             3C           1
        BANK2            0110-016F             60           1
        BANK3            0190-01EF             60           1
        CODE             0003-02D0            2CE           2
                         0800-1FFF            800
        CONST            0003-02D0            100           2
                         0800-1FFF            100
        EEDATA           2100-21FF            100           2
        ENTRY            0003-02D0            100           2
                         0800-1FFF            100
        IDLOC            2000-2003              4           2
        RAM              0063-006F              D           1
                         00B4-00EF             3C
                         0110-016F             60
                         0190-01EF             60
        SFR0             0000-001F             20           1
        SFR1             0080-009F             20           1
        SFR2             0100-010F             10           1
        SFR3             0180-018F             10           1
        STACK            0110-016F             60           1
        STRCODE          0003-02D0            2CE           2
                         0800-1FFF           1800
        STRING           0003-02D0            100           2
                         0800-1FFF            100

                                  Symbol Table

?___awdiv                cstackCOMMON 0070
?___awmod                cstackCOMMON 0070
?___lwdiv                cstackCOMMON 0076
?___lwmod                cstackCOMMON 0070
_ADCON1                  (abs)        009F
_PORTD                   (abs)        0008
_RA2                     (abs)        002A
_RA3                     (abs)        002B
_RA4                     (abs)        002C
_RA5                     (abs)        002D
_RB0                     (abs)        0030
_THV                     bssBANK0     0061
_TLV                     bssBANK0     0062
_TRISA                   (abs)        0085
_TRISB0                  (abs)        0430
_TRISD                   (abs)        0088
_TX                      bssBANK0     005F
_TZ                      bssBANK0     0060
__CFG_BOREN$OFF          (abs)        0000
__CFG_FOSC$HS            (abs)        0000
__CFG_LVP$OFF            (abs)        0000
__CFG_PWRTE$ON           (abs)        0000
__CFG_WDTE$OFF           (abs)        0000
__Habs1                  abs1         0000
__Hbank0                 bank0        0000
__Hbank1                 bank1        0000
__Hbank2                 bank2        0000
__Hbank3                 bank3        0000
__HbssBANK0              bssBANK0     0000
__Hcinit                 cinit        0800
__Hclrtext               clrtext      0000
__Hcode                  code         0000
__Hcommon                common       0000
__Hconfig                config       2008
__HcstackBANK0           cstackBANK0  0000
__HcstackCOMMON          cstackCOMMON 0000
__HdataBANK0             dataBANK0    0000
__HdataBANK1             dataBANK1    0000
__Heeprom_data           eeprom_data  0000
__Hend_init              end_init     0003
__Hfunctab               functab      0000
__HidataBANK0            idataBANK0   0000
__HidataBANK1            idataBANK1   0000
__Hidloc                 idloc        0000
__Hinit                  init         0000
__Hinittext              inittext     0000
__Hintentry              intentry     0000
__Hmaintext              maintext     0000
__Hpowerup               powerup      0000
__Hram                   ram          0000
__Hreset_vec             reset_vec    0000
__Hsfr0                  sfr0         0000
__Hsfr1                  sfr1         0000
__Hsfr2                  sfr2         0000
__Hsfr3                  sfr3         0000
__Hspace_0               (abs)        2008
__Hspace_1               (abs)        00B4
__Hspace_2               (abs)        0000
__Hspace_3               (abs)        0000
__Hstack                 stack        0000
__Hstrings               strings      0000
__Htext                  text         0000
__Labs1                  abs1         0000
__Lbank0                 bank0        0000
__Lbank1                 bank1        0000
__Lbank2                 bank2        0000
__Lbank3                 bank3        0000
__LbssBANK0              bssBANK0     0000
__Lcinit                 cinit        07D4
__Lclrtext               clrtext      0000
__Lcode                  code         0000
__Lcommon                common       0000
__Lconfig                config       2007
__LcstackBANK0           cstackBANK0  0000
__LcstackCOMMON          cstackCOMMON 0000
__LdataBANK0             dataBANK0    0000
__LdataBANK1             dataBANK1    0000
__Leeprom_data           eeprom_data  0000
__Lend_init              end_init     0000
__Lfunctab               functab      0000
__LidataBANK0            idataBANK0   0000
__LidataBANK1            idataBANK1   0000
__Lidloc                 idloc        0000
__Linit                  init         0000
__Linittext              inittext     0000
__Lintentry              intentry     0000
__Lmaintext              maintext     0000
__Lpowerup               powerup      0000
__Lram                   ram          0000
__Lreset_vec             reset_vec    0000
__Lsfr0                  sfr0         0000
__Lsfr1                  sfr1         0000
__Lsfr2                  sfr2         0000
__Lsfr3                  sfr3         0000
__Lspace_0               (abs)        0000
__Lspace_1               (abs)        0000
__Lspace_2               (abs)        0000
__Lspace_3               (abs)        0000
__Lstack                 stack        0000
__Lstrings               strings      0000
__Ltext                  text         0000
__S0                     (abs)        2008
__S1                     (abs)        00B4
__S2                     (abs)        0000
__S3                     (abs)        0000
___awdiv                 text17       0599
___awdiv@counter         cstackCOMMON 0075
___awdiv@dividend        cstackCOMMON 0072
___awdiv@divisor         cstackCOMMON 0070
___awdiv@quotient        cstackCOMMON 0077
___awdiv@sign            cstackCOMMON 0076
___awmod                 text16       04DA
___awmod@counter         cstackCOMMON 0075
___awmod@dividend        cstackCOMMON 0072
___awmod@divisor         cstackCOMMON 0070
___awmod@sign            cstackCOMMON 0076
___int_sp                stack        0000
___latbits               (abs)        0002
___lwdiv                 text15       0496
___lwdiv@counter         cstackCOMMON 007D
___lwdiv@dividend        cstackCOMMON 0078
___lwdiv@divisor         cstackCOMMON 0076
___lwdiv@quotient        cstackCOMMON 007B
___lwmod                 text14       03E7
___lwmod@counter         cstackCOMMON 0075
___lwmod@dividend        cstackCOMMON 0072
___lwmod@divisor         cstackCOMMON 0070
___sp                    stack        0000
___stackhi               (abs)        0000
___stacklo               (abs)        0000
__end_of___awdiv         text17       0600
__end_of___awmod         text16       0533
__end_of___lwdiv         text15       04DA
__end_of___lwmod         text14       0421
__end_of__initialization cinit        07FC
__end_of_delay           text12       036B
__end_of_delay_temp      text13       031A
__end_of_dispcmd         text8        068B
__end_of_display         text5        0599
__end_of_get_temp        text1        07D4
__end_of_init_4line      text7        02D8
__end_of_lcd_init        text6        0381
__end_of_main            maintext     02E6
__end_of_read_byte       text4        03E7
__end_of_reset           text3        045B
__end_of_write_byte      text2        0496
__end_of_writechar       text10       0308
__end_of_writecmd_4line  text11       02F7
__end_of_yeet            text9        03B2
__initialization         cinit        07D4
__pbssBANK0              bssBANK0     0056
__pcstackBANK0           cstackBANK0  0020
__pcstackCOMMON          cstackCOMMON 0070
__pdataBANK0             dataBANK0    0042
__pdataBANK1             dataBANK1    00A0
__pidataBANK0            idataBANK0   0341
__pidataBANK1            idataBANK1   032D
__pmaintext              maintext     02D8
__ptext1                 text1        068B
__ptext10                text10       02F7
__ptext11                text11       02E6
__ptext12                text12       0355
__ptext13                text13       0308
__ptext14                text14       03E7
__ptext15                text15       0496
__ptext16                text16       04DA
__ptext17                text17       0599
__ptext2                 text2        045B
__ptext3                 text3        0421
__ptext4                 text4        03B2
__ptext5                 text5        0533
__ptext6                 text6        036B
__ptext7                 text7        02D1
__ptext8                 text8        0600
__ptext9                 text9        0381
__size_of___awdiv        (abs)        0000
__size_of___awmod        (abs)        0000
__size_of___lwdiv        (abs)        0000
__size_of___lwmod        (abs)        0000
__size_of_delay          (abs)        0000
__size_of_delay_temp     (abs)        0000
__size_of_dispcmd        (abs)        0000
__size_of_display        (abs)        0000
__size_of_get_temp       (abs)        0000
__size_of_init_4line     (abs)        0000
__size_of_lcd_init       (abs)        0000
__size_of_main           (abs)        0000
__size_of_read_byte      (abs)        0000
__size_of_reset          (abs)        0000
__size_of_write_byte     (abs)        0000
__size_of_writechar      (abs)        0000
__size_of_writecmd_4line (abs)        0000
__size_of_yeet           (abs)        0000
_baifen                  bssBANK0     005B
_delay                   text12       0355
_delay_temp              text13       0308
_dispcmd                 text8        0600
_display                 text5        0533
_ge                      bssBANK0     005D
_get_temp                text1        068B
_init_4line              text7        02D1
_lcd_init                text6        036B
_main                    maintext     02D8
_num                     dataBANK0    0042
_qianfen                 bssBANK0     005A
_read_byte               text4        03B2
_reset                   text3        0421
_shi                     bssBANK0     005E
_shifen                  bssBANK0     005C
_wanfen                  bssBANK0     0059
_wd                      bssBANK0     0056
_write_byte              text2        045B
_writechar               text10       02F7
_writecmd_4line          text11       02E6
_yeet                    text9        0381
btemp                    (abs)        007E
delay@i                  cstackCOMMON 0070
delay_temp@x             cstackCOMMON 0072
delay_temp@y             cstackCOMMON 0070
delay_temp@z             cstackCOMMON 0073
dispcmd@F865             dataBANK1    00A0
dispcmd@error            cstackBANK0  0028
dispcmd@line             cstackBANK0  0020
dispcmd@linetxt          cstackBANK0  0022
display@tempstr          cstackCOMMON 007D
end_of_initialization    cinit        07FC
get_temp@i               cstackBANK0  0040
init_fetch0              inittext     031A
init_ram0                inittext     031E
intlevel0                functab      0000
intlevel1                functab      0000
intlevel2                functab      0000
intlevel3                functab      0000
intlevel4                functab      0000
intlevel5                functab      0000
read_byte@i              cstackCOMMON 0076
read_byte@value          cstackCOMMON 0075
reset@presence           cstackCOMMON 0075
reset_vec                reset_vec    0000
start                    init         0000
start_initialization     cinit        07D4
write_byte@i             cstackCOMMON 0078
write_byte@temp          cstackCOMMON 0076
write_byte@val           cstackCOMMON 0077
writechar@x              cstackCOMMON 0072
writecmd_4line@x         cstackCOMMON 0072
wtemp0                   (abs)        007E
yeet@array               cstackCOMMON 0073
yeet@i                   cstackCOMMON 0079
yeet@p                   cstackCOMMON 0077


FUNCTION INFORMATION:

 *************** function _main *****************
 Defined at:
		line 206 in file "tempmain.c"
 Parameters:    Size  Location     Type
		None
 Auto vars:     Size  Location     Type
		None
 Return value:  Size  Location     Type
                  1    wreg      void 
 Registers used:
		wreg, fsr0l, fsr0h, status,2, status,0, btemp+1, pclath, cstack
 Tracked objects:
		On entry : 
		On exit  : 
		Unchanged: 
 Data sizes:     COMMON   BANK0   BANK1   BANK3   BANK2
      Params:         0       0       0       0       0
      Locals:         0       0       0       0       0
      Temps:          0       0       0       0       0
      Totals:         0       0       0       0       0
Total ram usage:        0 bytes
 Hardware stack levels required when called:    6
 This function calls:
		_display
		_get_temp
 This function is called by:
		Startup code after reset
 This function uses a non-reentrant model


 *************** function _get_temp *****************
 Defined at:
		line 169 in file "tempmain.c"
 Parameters:    Size  Location     Type
		None
 Auto vars:     Size  Location     Type
  i               2   32[BANK0 ] int 
 Return value:  Size  Location     Type
                  1    wreg      void 
 Registers used:
		wreg, fsr0l, fsr0h, status,2, status,0, btemp+1, pclath, cstack
 Tracked objects:
		On entry : 
		On exit  : 
		Unchanged: 
 Data sizes:     COMMON   BANK0   BANK1   BANK3   BANK2
      Params:         0       0       0       0       0
      Locals:         0       2       0       0       0
      Temps:          0       4       0       0       0
      Totals:         0       6       0       0       0
Total ram usage:        6 bytes
 Hardware stack levels used:    1
 Hardware stack levels required when called:    5
 This function calls:
		___awdiv
		___awmod
		___lwdiv
		___lwmod
		_display
		_read_byte
		_reset
		_write_byte
 This function is called by:
		_main
 This function uses a non-reentrant model


 *************** function _write_byte *****************
 Defined at:
		line 115 in file "tempmain.c"
 Parameters:    Size  Location     Type
  val             1    wreg     unsigned char 
 Auto vars:     Size  Location     Type
  val             1    7[COMMON] unsigned char 
  i               1    8[COMMON] unsigned char 
  temp            1    6[COMMON] unsigned char 
 Return value:  Size  Location     Type
                  1    wreg      void 
 Registers used:
		wreg, status,2, status,0, pclath, cstack
 Tracked objects:
		On entry : 
		On exit  : 
		Unchanged: 
 Data sizes:     COMMON   BANK0   BANK1   BANK3   BANK2
      Params:         0       0       0       0       0
      Locals:         3       0       0       0       0
      Temps:          2       0       0       0       0
      Totals:         5       0       0       0       0
Total ram usage:        5 bytes
 Hardware stack levels used:    1
 Hardware stack levels required when called:    1
 This function calls:
		_delay_temp
 This function is called by:
		_get_temp
 This function uses a non-reentrant model


 *************** function _reset *****************
 Defined at:
		line 98 in file "tempmain.c"
 Parameters:    Size  Location     Type
		None
 Auto vars:     Size  Location     Type
  presence        1    5[COMMON] unsigned char 
 Return value:  Size  Location     Type
                  2  125[None  ] int 
 Registers used:
		wreg, status,2, status,0, pclath, cstack
 Tracked objects:
		On entry : 
		On exit  : 
		Unchanged: 
 Data sizes:     COMMON   BANK0   BANK1   BANK3   BANK2
      Params:         0       0       0       0       0
      Locals:         1       0       0       0       0
      Temps:          1       0       0       0       0
      Totals:         2       0       0       0       0
Total ram usage:        2 bytes
 Hardware stack levels used:    1
 Hardware stack levels required when called:    1
 This function calls:
		_delay_temp
 This function is called by:
		_get_temp
 This function uses a non-reentrant model


 *************** function _read_byte *****************
 Defined at:
		line 139 in file "tempmain.c"
 Parameters:    Size  Location     Type
		None
 Auto vars:     Size  Location     Type
  i               1    6[COMMON] unsigned char 
  value           1    5[COMMON] unsigned char 
 Return value:  Size  Location     Type
                  1    wreg      unsigned char 
 Registers used:
		wreg, status,2, status,0, pclath, cstack
 Tracked objects:
		On entry : 
		On exit  : 
		Unchanged: 
 Data sizes:     COMMON   BANK0   BANK1   BANK3   BANK2
      Params:         0       0       0       0       0
      Locals:         2       0       0       0       0
      Temps:          1       0       0       0       0
      Totals:         3       0       0       0       0
Total ram usage:        3 bytes
 Hardware stack levels used:    1
 Hardware stack levels required when called:    1
 This function calls:
		_delay_temp
 This function is called by:
		_get_temp
 This function uses a non-reentrant model


 *************** function _display *****************
 Defined at:
		line 67 in file "tempmain.c"
 Parameters:    Size  Location     Type
		None
 Auto vars:     Size  Location     Type
  tempstr         1   13[COMMON] unsigned char 
 Return value:  Size  Location     Type
                  1    wreg      void 
 Registers used:
		wreg, fsr0l, fsr0h, status,2, status,0, btemp+1, pclath, cstack
 Tracked objects:
		On entry : 
		On exit  : 
		Unchanged: 
 Data sizes:     COMMON   BANK0   BANK1   BANK3   BANK2
      Params:         0       0       0       0       0
      Locals:         1       0       0       0       0
      Temps:          2       0       0       0       0
      Totals:         3       0       0       0       0
Total ram usage:        3 bytes
 Hardware stack levels used:    1
 Hardware stack levels required when called:    4
 This function calls:
		_delay_temp
		_dispcmd
		_init_4line
		_lcd_init
		_writechar
 This function is called by:
		_get_temp
		_main
 This function uses a non-reentrant model


 *************** function _lcd_init *****************
 Defined at:
		line 83 in file "lcd.c"
 Parameters:    Size  Location     Type
		None
 Auto vars:     Size  Location     Type
		None
 Return value:  Size  Location     Type
                  1    wreg      void 
 Registers used:
		wreg, status,2, status,0, btemp+1, pclath, cstack
 Tracked objects:
		On entry : 
		On exit  : 
		Unchanged: 
 Data sizes:     COMMON   BANK0   BANK1   BANK3   BANK2
      Params:         0       0       0       0       0
      Locals:         0       0       0       0       0
      Temps:          0       0       0       0       0
      Totals:         0       0       0       0       0
Total ram usage:        0 bytes
 Hardware stack levels used:    1
 Hardware stack levels required when called:    2
 This function calls:
		_writecmd_4line
 This function is called by:
		_display
 This function uses a non-reentrant model


 *************** function _init_4line *****************
 Defined at:
		line 93 in file "lcd.c"
 Parameters:    Size  Location     Type
		None
 Auto vars:     Size  Location     Type
		None
 Return value:  Size  Location     Type
                  1    wreg      void 
 Registers used:
		wreg, status,2
 Tracked objects:
		On entry : 
		On exit  : 
		Unchanged: 
 Data sizes:     COMMON   BANK0   BANK1   BANK3   BANK2
      Params:         0       0       0       0       0
      Locals:         0       0       0       0       0
      Temps:          0       0       0       0       0
      Totals:         0       0       0       0       0
Total ram usage:        0 bytes
 Hardware stack levels used:    1
 This function calls:
		Nothing
 This function is called by:
		_display
 This function uses a non-reentrant model


 *************** function _dispcmd *****************
 Defined at:
		line 16 in file "lcd.c"
 Parameters:    Size  Location     Type
  line            2    0[BANK0 ] int 
  linetxt         2    2[BANK0 ] PTR unsigned char 
		 -> RAM(512), 
 Auto vars:     Size  Location     Type
  error          20    8[BANK0 ] unsigned char [20]
 Return value:  Size  Location     Type
                  1    wreg      void 
 Registers used:
		wreg, fsr0l, fsr0h, status,2, status,0, btemp+1, pclath, cstack
 Tracked objects:
		On entry : 
		On exit  : 
		Unchanged: 
 Data sizes:     COMMON   BANK0   BANK1   BANK3   BANK2
      Params:         0       4       0       0       0
      Locals:         0      20       0       0       0
      Temps:          0       4       0       0       0
      Totals:         0      28       0       0       0
Total ram usage:       28 bytes
 Hardware stack levels used:    1
 Hardware stack levels required when called:    3
 This function calls:
		_writecmd_4line
		_yeet
 This function is called by:
		_display
 This function uses a non-reentrant model


 *************** function _yeet *****************
 Defined at:
		line 41 in file "lcd.c"
 Parameters:    Size  Location     Type
  array           2    3[COMMON] PTR unsigned char 
		 -> RAM(512), dispcmd@error(20), 
 Auto vars:     Size  Location     Type
  i               2    9[COMMON] int 
  p               2    7[COMMON] PTR unsigned char 
		 -> RAM(512), dispcmd@error(20), 
 Return value:  Size  Location     Type
                  1    wreg      void 
 Registers used:
		wreg, fsr0l, fsr0h, status,2, status,0, btemp+1, pclath, cstack
 Tracked objects:
		On entry : 
		On exit  : 
		Unchanged: 
 Data sizes:     COMMON   BANK0   BANK1   BANK3   BANK2
      Params:         2       0       0       0       0
      Locals:         4       0       0       0       0
      Temps:          2       0       0       0       0
      Totals:         8       0       0       0       0
Total ram usage:        8 bytes
 Hardware stack levels used:    1
 Hardware stack levels required when called:    2
 This function calls:
		_writechar
 This function is called by:
		_dispcmd
 This function uses a non-reentrant model


 *************** function _writechar *****************
 Defined at:
		line 59 in file "lcd.c"
 Parameters:    Size  Location     Type
  x               1    wreg     unsigned char 
 Auto vars:     Size  Location     Type
  x               1    2[COMMON] unsigned char 
 Return value:  Size  Location     Type
                  1    wreg      void 
 Registers used:
		wreg, status,2, status,0, btemp+1, pclath, cstack
 Tracked objects:
		On entry : 
		On exit  : 
		Unchanged: 
 Data sizes:     COMMON   BANK0   BANK1   BANK3   BANK2
      Params:         0       0       0       0       0
      Locals:         1       0       0       0       0
      Temps:          0       0       0       0       0
      Totals:         1       0       0       0       0
Total ram usage:        1 bytes
 Hardware stack levels used:    1
 Hardware stack levels required when called:    1
 This function calls:
		_delay
 This function is called by:
		_yeet
		_display
 This function uses a non-reentrant model


 *************** function _writecmd_4line *****************
 Defined at:
		line 71 in file "lcd.c"
 Parameters:    Size  Location     Type
  x               1    wreg     unsigned char 
 Auto vars:     Size  Location     Type
  x               1    2[COMMON] unsigned char 
 Return value:  Size  Location     Type
                  1    wreg      void 
 Registers used:
		wreg, status,2, status,0, btemp+1, pclath, cstack
 Tracked objects:
		On entry : 
		On exit  : 
		Unchanged: 
 Data sizes:     COMMON   BANK0   BANK1   BANK3   BANK2
      Params:         0       0       0       0       0
      Locals:         1       0       0       0       0
      Temps:          0       0       0       0       0
      Totals:         1       0       0       0       0
Total ram usage:        1 bytes
 Hardware stack levels used:    1
 Hardware stack levels required when called:    1
 This function calls:
		_delay
 This function is called by:
		_dispcmd
		_lcd_init
 This function uses a non-reentrant model


 *************** function _delay *****************
 Defined at:
		line 51 in file "lcd.c"
 Parameters:    Size  Location     Type
		None
 Auto vars:     Size  Location     Type
  i               2    0[COMMON] int 
 Return value:  Size  Location     Type
                  1    wreg      void 
 Registers used:
		wreg, status,2, btemp+1
 Tracked objects:
		On entry : 
		On exit  : 
		Unchanged: 
 Data sizes:     COMMON   BANK0   BANK1   BANK3   BANK2
      Params:         0       0       0       0       0
      Locals:         2       0       0       0       0
      Temps:          0       0       0       0       0
      Totals:         2       0       0       0       0
Total ram usage:        2 bytes
 Hardware stack levels used:    1
 This function calls:
		Nothing
 This function is called by:
		_writechar
		_writecmd_4line
 This function uses a non-reentrant model


 *************** function _delay_temp *****************
 Defined at:
		line 47 in file "tempmain.c"
 Parameters:    Size  Location     Type
  x               1    wreg     unsigned char 
  y               1    0[COMMON] unsigned char 
 Auto vars:     Size  Location     Type
  x               1    2[COMMON] unsigned char 
  z               1    3[COMMON] unsigned char 
 Return value:  Size  Location     Type
                  1    wreg      void 
 Registers used:
		wreg, status,2, status,0
 Tracked objects:
		On entry : 
		On exit  : 
		Unchanged: 
 Data sizes:     COMMON   BANK0   BANK1   BANK3   BANK2
      Params:         1       0       0       0       0
      Locals:         2       0       0       0       0
      Temps:          1       0       0       0       0
      Totals:         4       0       0       0       0
Total ram usage:        4 bytes
 Hardware stack levels used:    1
 This function calls:
		Nothing
 This function is called by:
		_display
		_reset
		_write_byte
		_read_byte
 This function uses a non-reentrant model


 *************** function ___lwmod *****************
 Defined at:
		line 5 in file "C:\Program Files (x86)\Microchip\xc8\v2.10\pic\sources\c90\common\lwmod.c"
 Parameters:    Size  Location     Type
  divisor         2    0[COMMON] unsigned int 
  dividend        2    2[COMMON] unsigned int 
 Auto vars:     Size  Location     Type
  counter         1    5[COMMON] unsigned char 
 Return value:  Size  Location     Type
                  2    0[COMMON] unsigned int 
 Registers used:
		wreg, status,2, status,0
 Tracked objects:
		On entry : 
		On exit  : 
		Unchanged: 
 Data sizes:     COMMON   BANK0   BANK1   BANK3   BANK2
      Params:         4       0       0       0       0
      Locals:         1       0       0       0       0
      Temps:          1       0       0       0       0
      Totals:         6       0       0       0       0
Total ram usage:        6 bytes
 Hardware stack levels used:    1
 This function calls:
		Nothing
 This function is called by:
		_get_temp
 This function uses a non-reentrant model


 *************** function ___lwdiv *****************
 Defined at:
		line 5 in file "C:\Program Files (x86)\Microchip\xc8\v2.10\pic\sources\c90\common\lwdiv.c"
 Parameters:    Size  Location     Type
  divisor         2    6[COMMON] unsigned int 
  dividend        2    8[COMMON] unsigned int 
 Auto vars:     Size  Location     Type
  quotient        2   11[COMMON] unsigned int 
  counter         1   13[COMMON] unsigned char 
 Return value:  Size  Location     Type
                  2    6[COMMON] unsigned int 
 Registers used:
		wreg, status,2, status,0
 Tracked objects:
		On entry : 
		On exit  : 
		Unchanged: 
 Data sizes:     COMMON   BANK0   BANK1   BANK3   BANK2
      Params:         4       0       0       0       0
      Locals:         3       0       0       0       0
      Temps:          1       0       0       0       0
      Totals:         8       0       0       0       0
Total ram usage:        8 bytes
 Hardware stack levels used:    1
 This function calls:
		Nothing
 This function is called by:
		_get_temp
 This function uses a non-reentrant model


 *************** function ___awmod *****************
 Defined at:
		line 5 in file "C:\Program Files (x86)\Microchip\xc8\v2.10\pic\sources\c90\common\awmod.c"
 Parameters:    Size  Location     Type
  divisor         2    0[COMMON] int 
  dividend        2    2[COMMON] int 
 Auto vars:     Size  Location     Type
  sign            1    6[COMMON] unsigned char 
  counter         1    5[COMMON] unsigned char 
 Return value:  Size  Location     Type
                  2    0[COMMON] int 
 Registers used:
		wreg, status,2, status,0
 Tracked objects:
		On entry : 
		On exit  : 
		Unchanged: 
 Data sizes:     COMMON   BANK0   BANK1   BANK3   BANK2
      Params:         4       0       0       0       0
      Locals:         2       0       0       0       0
      Temps:          1       0       0       0       0
      Totals:         7       0       0       0       0
Total ram usage:        7 bytes
 Hardware stack levels used:    1
 This function calls:
		Nothing
 This function is called by:
		_get_temp
 This function uses a non-reentrant model


 *************** function ___awdiv *****************
 Defined at:
		line 5 in file "C:\Program Files (x86)\Microchip\xc8\v2.10\pic\sources\c90\common\awdiv.c"
 Parameters:    Size  Location     Type
  divisor         2    0[COMMON] int 
  dividend        2    2[COMMON] int 
 Auto vars:     Size  Location     Type
  quotient        2    7[COMMON] int 
  sign            1    6[COMMON] unsigned char 
  counter         1    5[COMMON] unsigned char 
 Return value:  Size  Location     Type
                  2    0[COMMON] int 
 Registers used:
		wreg, status,2, status,0
 Tracked objects:
		On entry : 
		On exit  : 
		Unchanged: 
 Data sizes:     COMMON   BANK0   BANK1   BANK3   BANK2
      Params:         4       0       0       0       0
      Locals:         4       0       0       0       0
      Temps:          1       0       0       0       0
      Totals:         9       0       0       0       0
Total ram usage:        9 bytes
 Hardware stack levels used:    1
 This function calls:
		Nothing
 This function is called by:
		_get_temp
 This function uses a non-reentrant model



MODULE INFORMATION

Module		Function		Class		Link	Load	Size
tempmain.c
		_reset         		CODE           	0421	0000	59
		_display       		CODE           	0533	0000	103
		_get_temp      		CODE           	068B	0000	330
		_main          		CODE           	02D8	0000	15
		_read_byte     		CODE           	03B2	0000	54
		_delay_temp    		CODE           	0308	0000	19
		_write_byte    		CODE           	045B	0000	60

tempmain.c estimated size: 640

C:\Program Files (x86)\Microchip\xc8\v2.10\pic\sources\c90\common\lwdiv.c
		___lwdiv       		CODE           	0496	0000	69

C:\Program Files (x86)\Microchip\xc8\v2.10\pic\sources\c90\common\lwdiv.c estimated size: 69

C:\Program Files (x86)\Microchip\xc8\v2.10\pic\sources\c90\common\awdiv.c
		___awdiv       		CODE           	0599	0000	104

C:\Program Files (x86)\Microchip\xc8\v2.10\pic\sources\c90\common\awdiv.c estimated size: 104

shared
		__initialization		CODE           	07D4	0000	41

shared estimated size: 41

C:\Program Files (x86)\Microchip\xc8\v2.10\pic\sources\c90\common\lwmod.c
		___lwmod       		CODE           	03E7	0000	59

C:\Program Files (x86)\Microchip\xc8\v2.10\pic\sources\c90\common\lwmod.c estimated size: 59

C:\Program Files (x86)\Microchip\xc8\v2.10\pic\sources\c90\common\awmod.c
		___awmod       		CODE           	04DA	0000	90

C:\Program Files (x86)\Microchip\xc8\v2.10\pic\sources\c90\common\awmod.c estimated size: 90

lcd.c
		_delay         		CODE           	0355	0000	23
		_writechar     		CODE           	02F7	0000	18
		_dispcmd       		CODE           	0600	0000	140
		_init_4line    		CODE           	02D1	0000	8
		_yeet          		CODE           	0381	0000	50
		_lcd_init      		CODE           	036B	0000	23
		_writecmd_4line		CODE           	02E6	0000	18

lcd.c estimated size: 280

