MPLINK 5.09, LINKER
Linker Map File - Created Sun Oct 13 23:54:10 2019

                                 Section Info
                  Section       Type    Address   Location Size(Bytes)
                ---------  ---------  ---------  ---------  ---------
                   .org_0       code   0x000000    program   0x0000be
                   .cinit    romdata   0x00005f    program   0x000004
.config_2007_BUILD/DEFAULT/PRODUCTION/MOVING        code   0x002007    program   0x000002



                              Program Memory Usage 
                               Start         End      
                           ---------   ---------      
                            0x000000    0x000060      
                            0x002007    0x002007      
            98 out of 8454 program addresses used, program memory utilization is 1%



                              Symbols - Sorted by Name
                     Name    Address   Location    Storage File                     
                ---------  ---------  ---------  --------- ---------                
                    delay   0x000056    program     static C:\Users\Onayo Moro\Documents\PIC assembly\LAB1 Project 3.X\Moving lights.asm
               inner_loop   0x00005a    program     static C:\Users\Onayo Moro\Documents\PIC assembly\LAB1 Project 3.X\Moving lights.asm
                     loop   0x00000d    program     static C:\Users\Onayo Moro\Documents\PIC assembly\LAB1 Project 3.X\Moving lights.asm
                     main   0x000000    program     static C:\Users\Onayo Moro\Documents\PIC assembly\LAB1 Project 3.X\Moving lights.asm
               outer_loop   0x000058    program     static C:\Users\Onayo Moro\Documents\PIC assembly\LAB1 Project 3.X\Moving lights.asm



                              Symbols - Sorted by Address
                     Name    Address   Location    Storage File                     
                ---------  ---------  ---------  --------- ---------                
                     main   0x000000    program     static C:\Users\Onayo Moro\Documents\PIC assembly\LAB1 Project 3.X\Moving lights.asm
                     loop   0x00000d    program     static C:\Users\Onayo Moro\Documents\PIC assembly\LAB1 Project 3.X\Moving lights.asm
                    delay   0x000056    program     static C:\Users\Onayo Moro\Documents\PIC assembly\LAB1 Project 3.X\Moving lights.asm
               outer_loop   0x000058    program     static C:\Users\Onayo Moro\Documents\PIC assembly\LAB1 Project 3.X\Moving lights.asm
               inner_loop   0x00005a    program     static C:\Users\Onayo Moro\Documents\PIC assembly\LAB1 Project 3.X\Moving lights.asm


